<area shape="rect" href="$_list_8h.html" title="List.h" alt="" coords="67,80,117,107">
<area shape="rect" href="$_log_8h.html" title="Log.h" alt="" coords="184,80,235,107">
<area shape="rect" href="$_message_8h.html" title="Message.h" alt="" coords="391,80,473,107">
<area shape="rect" href="$_routing_8h.html" title="Routing.h" alt="" coords="312,229,387,256">
<area shape="rect" href="$_station_8h.html" title="Station.h" alt="" coords="351,304,423,331">
<area shape="rect" href="$_sorted_list_8h.html" title="SortedList.h" alt="" coords="5,155,93,181">
<area shape="rect" href="$_macros_8h.html" title="Macros.h" alt="" coords="117,155,189,181">
<area shape="rect" href="$_settings_8h.html" title="Settings.h" alt="" coords="213,155,291,181">
<area shape="rect" href="$_time_line_8h.html" title="TimeLine.h" alt="" coords="416,155,499,181">
<area shape="rect" href="$_scheduler_8h.html" title="Scheduler.h" alt="" coords="461,229,549,256">
<area shape="rect" href="$_simulator_8h.html" title="Simulator.h" alt="" coords="261,379,349,405">
