<area shape="rect" href="$_list_8h.html" title="List.h" alt="" coords="51,80,101,107">
<area shape="rect" href="$_sorted_list_8h.html" title="SortedList.h" alt="" coords="5,155,93,181">
<area shape="rect" href="$_log_8h.html" title="Log.h" alt="" coords="176,80,227,107">
<area shape="rect" href="$_macros_8h.html" title="Macros.h" alt="" coords="128,155,200,181">
<area shape="rect" href="$_message_8h.html" title="Message.h" alt="" coords="461,80,544,107">
<area shape="rect" href="$_routing_8h.html" title="Routing.h" alt="" coords="560,229,635,256">
<area shape="rect" href="$_simulator_8h.html" title="Simulator.h" alt="" coords="516,379,604,405">
<area shape="rect" href="$_settings_8h.html" title="Settings.h" alt="" coords="661,155,739,181">
<area shape="rect" href="$_time_line_8h.html" title="TimeLine.h" alt="" coords="403,155,485,181">
<area shape="rect" href="$_scheduler_8h.html" title="Scheduler.h" alt="" coords="321,229,409,256">
<area shape="rect" href="$_station_8h.html" title="Station.h" alt="" coords="524,304,596,331">
